[www.panorama-catering.de/panorama-catering/panorama-catering.html]
[www.panorama-catering.de/typo3temp/assets/compressed/merged-2d3b4de777634ba56811a705d471936d-db8202b1c553322d7aeb8698b5d0f6d4abdf.js]
[www.panorama-catering.de/typo3temp/assets/compressed/merged-d6247c2fa67410e0042a58ac2237ff57-bfcf7b3eaee9e93bab8b543584f624b9b3a8.js]
[backblue.gif]
[fade.gif]
[index.html]
[www.panorama-catering.de/fileadmin/pc/Sys/Public/Images/Logo-Panorama-Catering.png]
[www.panorama-catering.de/panorama-catering/panorama-catering-philosophie.html]
[www.panorama-catering.de/fileadmin/pc/Daten/Slider/Wuerth-Open-Air-26-Aushilfe.jpg]
[www.panorama-catering.de/fileadmin/pc/Daten/SB/pc-home-01.jpg]
[www.panorama-catering.de/fileadmin/pc/Daten/Bilder/Betriebsrestaurant.jpg]
[www.panorama-catering.de/fileadmin/pc/Daten/SB/pc-philo-03.jpg]
[www.panorama-catering.de/fileadmin/_processed_/4/7/csm_Stellenausschreibung_WOA25_14aff217ba.png]
[www.panorama-catering.de/fileadmin/_processed_/4/7/csm_Stellenausschreibung_WOA25_6d9b161475.png]
[www.panorama-catering.de/fileadmin/pc/Daten/images/facebook.png]
[www.panorama-catering.de/fileadmin/pc/Sys/Public/Images/Instagram.png]
[www.panorama-catering.de/typo3temp/assets/compressed/merged-58ba87432b5df3ea6440edb7efb6cded-8c3e5051f289e009ea4b59d1d2dad12f2e49.js]
[www.panorama-catering.de/typo3conf/ext/hh_slider/Resources/Public/JavaScript/tiny-slider.minb815.js]
[www.panorama-catering.de/typo3conf/ext/hh_slider/Resources/Public/JavaScript/main.minb815.js]
[www.panorama-catering.de/panorama-catering/panorama-catering.html]
[www.panorama-catering.de/typo3temp/assets/compressed/merged-d61347372b2fafd380da086d74b80597-d13e78c6bda61db4b1450b78016392aeab33.css]
[www.panorama-catering.de/typo3temp/assets/compressed/merged-23eba648cec63fea691d2a6751f2957c-b9dfb6478b6bc1733a0627f60f85084c63db.css]
[www.panorama-catering.de/typo3conf/ext/jn_lighterbox/Resources/Public/Images/loading.gif]
[www.panorama-catering.de/typo3temp/assets/compressed/merged-7cf102d69130bc3142bcdf9d96ca7c6c-6e3ff470cd3dd18f43a49bbba30995512e49.css]
[www.panorama-catering.de/fileadmin/pc/Daten/SB/pc-philo-01.jpg]
[www.panorama-catering.de/fileadmin/pc/Daten/SB/pc-SK-DGE-02.jpg]
[www.panorama-catering.de/panorama-catering/panorama-catering-philosophie.html]
